6
98
65
284
1
failed push
Successfully executed 5 instructions
|_ 6 _|
|_ 98 _|
|_ 65 _|
|_ 284 _|
|_ 1 _|
5 elements
